// Jest Snapshot v1, https://goo.gl/fbAQLP

exports[`elasticsearch > queries Elastic search API 5.6 1`] = `
Object {
  "data": Object {
    "elastic56": null,
  },
  "errors": Array [
    [GraphQLError: âœ‹ ðŸ›‘ I don't have public elasticsearch instance for demo purposes. 
ðŸš€ Demo will work if you provide public elasticsearch instance url 
ðŸš€ in query argument \`host: "http://user:pass@example.com:9200"\` 
],
  ],
}
`;

exports[`elasticsearch > queries Elastic search API 6.8 1`] = `
Object {
  "data": Object {
    "elastic68": null,
  },
  "errors": Array [
    [GraphQLError: âœ‹ ðŸ›‘ I don't have public elasticsearch instance for demo purposes. 
ðŸš€ Demo will work if you provide public elasticsearch instance url 
ðŸš€ in query argument \`host: "http://user:pass@example.com:9200"\` 
],
  ],
}
`;

exports[`elasticsearch > queries Elastic search API 7.7 1`] = `
Object {
  "data": Object {
    "elastic77": null,
  },
  "errors": Array [
    [GraphQLError: âœ‹ ðŸ›‘ I don't have public elasticsearch instance for demo purposes. 
ðŸš€ Demo will work if you provide public elasticsearch instance url 
ðŸš€ in query argument \`host: "http://user:pass@example.com:9200"\` 
],
  ],
}
`;
